// Jest Snapshot v1, https://goo.gl/fbAQLP

exports[`createDb 0 1`] = `
Object {
  "heroes": Array [
    Object {
      "id": 11,
      "name": "Mr. Nice",
    },
    Object {
      "id": 12,
      "name": "Narco",
    },
    Object {
      "id": 13,
      "name": "Bombasto",
    },
    Object {
      "id": 14,
      "name": "Celeritas",
    },
    Object {
      "id": 15,
      "name": "Magneta",
    },
    Object {
      "id": 16,
      "name": "RubberMan",
    },
    Object {
      "id": 17,
      "name": "Dynama",
    },
    Object {
      "id": 18,
      "name": "Dr IQ",
    },
    Object {
      "id": 19,
      "name": "Magma",
    },
    Object {
      "id": 20,
      "name": "Tornado",
    },
  ],
}
`;
